6 2
</s> 0.068329 0.151054 
hello -1.842445 -0.050096 
world -2.337824 0.096693 
you -2.176676 -0.017533 
are -2.047771 -0.053567 
beautiful -2.867711 -0.081639 
