6 3
</s> 0.031362 0.007044 -0.120117 
hello 0.061148 -0.139631 0.055236 
world -0.009431 -0.014673 -0.126024 
you -0.075502 0.091198 0.114758 
are 0.086137 0.058681 0.065580 
beautiful -0.111670 -0.119888 0.150280 
